2026-07-14 05:22:25:       _   ___     ___       ____  ___  ____  
2026-07-14 05:22:25:      | | / \ \   / / \     / ___|/ _ \|  _ \ 
2026-07-14 05:22:25:   _  | |/ _ \ \ / / _ \   | |  _| | | | | | |
2026-07-14 05:22:25:  | |_| / ___ \ V / ___ \  | |_| | |_| | |_| |
2026-07-14 05:22:25:   \___/_/   \_\_/_/   \_\  \____|\___/|____/ 
2026-07-14 05:22:25:                                              
2026-07-14 05:22:25: 
2026-07-14 05:22:25: ═══════════════════════════════════════════════
2026-07-14 05:22:25:    𝐉𝐚𝐯𝐚 𝐆𝐨𝐝 𝐩𝐚𝐢𝐫𝐢𝐧𝐠 𝐬𝐲𝐬𝐭𝐞𝐦       
2026-07-14 05:22:25: ═══════════════════════════════════════════════
2026-07-14 05:22:25: 
2026-07-14 05:22:25: 🔄 Auto-loading all paired users...
2026-07-14 05:22:25: ℹ️  No paired users found.
2026-07-14 05:22:25: 🚀 Starting 𝐉𝐀𝐕𝐀 𝐆𝐎𝐃 system...
2026-07-14 05:22:25: 
2026-07-14 05:22:25: 📱 Loading Telegram pairing system...
2026-07-14 05:22:26: ✅𝐉𝐀𝐕𝐀 𝐆𝐎𝐃 bot loaded successfully!
2026-07-14 05:22:26: 💬 Loading WhatsApp commands system...
2026-07-14 05:22:26: ✅ WhatsApp commands loaded successfully!
2026-07-14 05:22:26: 
2026-07-14 05:22:26: ═══════════════════════════════════════════════
2026-07-14 05:22:26: 𝐉𝐀𝐕𝐀 𝐆𝐎𝐃 BOT INITIALIZATION SUMMARY          
2026-07-14 05:22:26: ═══════════════════════════════════════════════
2026-07-14 05:22:26: ✅𝐉𝐀𝐕𝐀 𝐆𝐎𝐃 тɛℓɛɢяαм вσт: Active
2026-07-14 05:22:26: ✅ WhatsApp Commands: Active
2026-07-14 05:22:26: ═══════════════════════════════════════════════
2026-07-14 05:22:26: 
2026-07-14 05:22:26: ✅ 𝐉𝐀𝐕𝐀 𝐆𝐎𝐃 system is ready and running!
2026-07-14 05:22:26: 
2026-07-14 05:22:26: 📊 Bot monitoring active...
2026-07-14 05:22:26: Press Ctrl+C to stop the bot
2026-07-14 05:22:26: 
2026-07-14 05:22:26: 📥 Loaded Admin IDs: [ '7848300179', '2348089281494' ]
2026-07-14 05:25:50: [0;32m/home/ubuntu/shadowmd/drenox.js [1;32mᴜᴘᴅᴀᴛᴇᴅ![0m
